nftset=/aol.com/4#inet#fw4#vpn_rkn_domains
nftset=/bbc.com/4#inet#fw4#vpn_rkn_domains
nftset=/bing.com/4#inet#fw4#vpn_rkn_domains
nftset=/browserleaks.com/4#inet#fw4#vpn_rkn_domains
nftset=/canva.com/4#inet#fw4#vpn_rkn_domains
nftset=/dyson.com/4#inet#fw4#vpn_rkn_domains
nftset=/cdninstagram.com/4#inet#fw4#vpn_rkn_domains
nftset=/cdnfbsbx.com/4#inet#fw4#vpn_rkn_domains
nftset=/igcdn.com/4#inet#fw4#vpn_rkn_domains
nftset=/instagram.com/4#inet#fw4#vpn_rkn_domains
nftset=/facebook.com/4#inet#fw4#vpn_rkn_domains
nftset=/connect.facebook.net/4#inet#fw4#vpn_rkn_domains
nftset=/graph.facebook.com/4#inet#fw4#vpn_rkn_domains
nftset=/gateway.facebook.com/4#inet#fw4#vpn_rkn_domains
nftset=/edge-chat.facebook.com/4#inet#fw4#vpn_rkn_domains
nftset=/l.facebook.com/4#inet#fw4#vpn_rkn_domains
nftset=/fb.com/4#inet#fw4#vpn_rkn_domains
nftset=/fb.me/4#inet#fw4#vpn_rkn_domains
nftset=/fbsbx.com/4#inet#fw4#vpn_rkn_domains
nftset=/f.vision/4#inet#fw4#vpn_rkn_domains
nftset=/fbcdn.net/4#inet#fw4#vpn_rkn_domains
nftset=/cdnfacebook.com/4#inet#fw4#vpn_rkn_domains
nftset=/fburl.com/4#inet#fw4#vpn_rkn_domains
nftset=/fortinet.com/4#inet#fw4#vpn_rkn_domains
nftset=/hackernoon.com/4#inet#fw4#vpn_rkn_domains
nftset=/hashicorp.com/4#inet#fw4#vpn_rkn_domains
nftset=/ibm.com/4#inet#fw4#vpn_rkn_domains
nftset=/intel.com/4#inet#fw4#vpn_rkn_domains
nftset=/kahoot.com/4#inet#fw4#vpn_rkn_domains
nftset=/licdn.com/4#inet#fw4#vpn_rkn_domains
nftset=/linkedin.com/4#inet#fw4#vpn_rkn_domains
nftset=/lnkd.in/4#inet#fw4#vpn_rkn_domains
nftset=/lostfilm.run/4#inet#fw4#vpn_rkn_domains
nftset=/lostfilm.tv/4#inet#fw4#vpn_rkn_domains
nftset=/lostfilm.win/4#inet#fw4#vpn_rkn_domains
nftset=/lostfilmtv5.site/4#inet#fw4#vpn_rkn_domains
nftset=/medium.com/4#inet#fw4#vpn_rkn_domains
nftset=/meduza.io/4#inet#fw4#vpn_rkn_domains
nftset=/meta.com/4#inet#fw4#vpn_rkn_domains
nftset=/microchip.com/4#inet#fw4#vpn_rkn_domains
nftset=/microsoft.com/4#inet#fw4#vpn_rkn_domains
nftset=/mongodb.com/4#inet#fw4#vpn_rkn_domains
nftset=/mongodb.org/4#inet#fw4#vpn_rkn_domains
nftset=/netflix.com/4#inet#fw4#vpn_rkn_domains
nftset=/nnmclub.to/4#inet#fw4#vpn_rkn_domains
nftset=/netpeaksoftware.com/4#inet#fw4#vpn_rkn_domains
nftset=/openai.com/4#inet#fw4#vpn_rkn_domains
nftset=/oaistatic.com/4#inet#fw4#vpn_rkn_domains
nftset=/oaiusercontent.com/4#inet#fw4#vpn_rkn_domains
nftset=/chat.openai.com/4#inet#fw4#vpn_rkn_domains
nftset=/proton.me/4#inet#fw4#vpn_rkn_domains
nftset=/postfix.org/4#inet#fw4#vpn_rkn_domains
nftset=/protonmail.com/4#inet#fw4#vpn_rkn_domains
nftset=/rutracker.org/4#inet#fw4#vpn_rkn_domains
nftset=/qualcomm.com/4#inet#fw4#vpn_rkn_domains
nftset=/quora.com/4#inet#fw4#vpn_rkn_domains
nftset=/redis.com/4#inet#fw4#vpn_rkn_domains
nftset=/setapp.com/4#inet#fw4#vpn_rkn_domains
nftset=/skladchina.biz/4#inet#fw4#vpn_rkn_domains
nftset=/slideshare.net/4#inet#fw4#vpn_rkn_domains
nftset=/soapui.org/4#inet#fw4#vpn_rkn_domains
nftset=/soundcloud.com/4#inet#fw4#vpn_rkn_domains
nftset=/stackify.com/4#inet#fw4#vpn_rkn_domains
nftset=/t.co/4#inet#fw4#vpn_rkn_domains
nftset=/terraform.io/4#inet#fw4#vpn_rkn_domains
nftset=/threads.net/4#inet#fw4#vpn_rkn_domains
nftset=/tumblr.com/4#inet#fw4#vpn_rkn_domains
nftset=/twimg.com/4#inet#fw4#vpn_rkn_domains
nftset=/twitter.co/4#inet#fw4#vpn_rkn_domains
nftset=/twitter.com/4#inet#fw4#vpn_rkn_domains
nftset=/twitthat.com/4#inet#fw4#vpn_rkn_domains
nftset=/twtkr.com/4#inet#fw4#vpn_rkn_domains
nftset=/twttr.com/4#inet#fw4#vpn_rkn_domains
nftset=/vimeo.com/4#inet#fw4#vpn_rkn_domains
nftset=/vimeocdn.com/4#inet#fw4#vpn_rkn_domains
nftset=/weather.com/4#inet#fw4#vpn_rkn_domains
nftset=/wheather.com/4#inet#fw4#vpn_rkn_domains
nftset=/zetfix.online/4#inet#fw4#vpn_rkn_domains
nftset=/zetflix.online/4#inet#fw4#vpn_rkn_domains
